push I 3
push I 4
lt I
fjmp 1
push S "condition was true"
print 1
jmp 2
label 1
push S "condition was false"
print 1
label 2
push B true
fjmp 3
push S "inside"
print 1
push S "second"
print 1
push S "if"
print 1
label 3
push I 0
save a
push I 0
save b
label 4
load a
push I 10
lt I
fjmp 5
push S "a="
load a
print 2
load a
push I 1
add I
save a
pop
jmp 4
label 5
push I 0
save a
pop
read I
save b
label 6
load a
load b
lt I
fjmp 7
push S "a="
load a
push S ", b="
load b
print 4
load a
push I 1
add I
save a
pop
jmp 6
label 7
